---
title: 'Blog Post number 1'
date: 2012-08-14
permalink: /posts/2012/08/blog-post-1/
tags:
  - cool posts
  - category1
  - category2
---

This is a sample blog post. Lorem ipsum I can't remember the rest of lorem ipsum and don't have an internet connection right now. Testing testing testing this blog post. Blog posts are cool.

```
2015-05-26T16:23:07.219-0200: 64.322: [GC (Allocation Failure) 64.322: [ParNew: 613404K->68068K(613440K), 0.1020465 secs] 10885349K->10880154K(12514816K), 0.1021309 secs] [Times: user=0.78 sys=0.01, real=0.11 secs]
2015-05-26T16:23:07.321-0200: 64.425: [GC (CMS Initial Mark) [1 CMS-initial-mark: 10812086K(11901376K)] 10887844K(12514816K), 0.0001997 secs] [Times: user=0.00 sys=0.00, real=0.00 secs]
2015-05-26T16:23:07.321-0200: 64.425: [CMS-concurrent-mark-start]
2015-05-26T16:23:07.357-0200: 64.460: [CMS-concurrent-mark: 0.035/0.035 secs] [Times: user=0.07 sys=0.00, real=0.03 secs]
2015-05-26T16:23:07.357-0200: 64.460: [CMS-concurrent-preclean-start]
2015-05-26T16:23:07.373-0200: 64.476: [CMS-concurrent-preclean: 0.016/0.016 secs] [Times: user=0.02 sys=0.00, real=0.02 secs]
2015-05-26T16:23:07.373-0200: 64.476: [CMS-concurrent-abortable-preclean-start]
2015-05-26T16:23:08.446-0200: 65.550: [CMS-concurrent-abortable-preclean: 0.167/1.074 secs] [Times: user=0.20 sys=0.00, real=1.07 secs]
2015-05-26T16:23:08.447-0200: 65.550: [GC (CMS Final Remark) [YG occupancy: 387920 K (613440 K)]65.550: [Rescan (parallel) , 0.0085125 secs]65.559: [weak refs processing, 0.0000243 secs]65.559: [class unloading, 0.0013120 secs]65.560: [scrub symbol table, 0.0008345 secs]65.561: [scrub string table, 0.0001759 secs][1 CMS-remark: 10812086K(11901376K)] 11200006K(12514816K), 0.0110730 secs] [Times: user=0.06 sys=0.00, real=0.01 secs]
2015-05-26T16:23:08.458-0200: 65.561: [CMS-concurrent-sweep-start]
2015-05-26T16:23:08.485-0200: 65.588: [CMS-concurrent-sweep: 0.027/0.027 secs] [Times: user=0.03 sys=0.00, real=0.03 secs]
2015-05-26T16:23:08.485-0200: 65.589: [CMS-concurrent-reset-start]
2015-05-26T16:23:08.497-0200: 65.601: [CMS-concurrent-reset: 0.012/0.012 secs] [Times: user=0.01 sys=0.00, real=0.01 secs]
```

Headings are cool
======

You can have many headings
======

Aren't headings cool?
------